[3874536:MainThread](2026-08-17 11:55:03,623) INFO - qlib.Initialization - [config.py:415] - default_conf: client.
[3874536:MainThread](2026-08-17 11:55:04,194) INFO - qlib.Initialization - [__init__.py:74] - qlib successfully initialized based on client settings.
[3874536:MainThread](2026-08-17 11:55:04,194) INFO - qlib.Initialization - [__init__.py:76] - data_path={'__DEFAULT_FREQ': PosixPath('/gpfs/home1/sku07891/00.hojin/QuantaAlpha/data/qlib/cn_data')}
[repool] pilot_csi800_ictstat_42 mode=strict_penalty seed=42 metric=ic_tstat
  final population: gen=4 n=1000 unique=259
  evaluator ready (51.7s) key=('csi800', '2010-01-01', '2019-12-31', 1, 'ic_tstat')
  hof: {'hof_mode': 'fixed', 'n_input': 1000, 'n_dedup_removed': 741, 'n_unique': 259, 'n_top': 50, 'n_signal_failed': 0, 'decorr_degenerate_pairs': 0, 'n_decorr_removed': 40, 'decorr_max_abs_corr_final': 1.0}
  → out/pilot_csi800_ictstat_42/metrics/final_pool_pilot_csi800_ictstat_42_fixedhof.csv
  → out/pilot_csi800_ictstat_42_fixedhof/
[repool] pilot_csi800_nsguard_42 mode=strict_penalty seed=42 metric=net_sharpe
  final population: gen=4 n=1000 unique=440
  evaluator ready (51.3s) key=('csi800', '2010-01-01', '2019-12-31', 1, 'net_sharpe')
  hof: {'hof_mode': 'fixed', 'n_input': 1000, 'n_dedup_removed': 560, 'n_unique': 440, 'n_top': 50, 'n_signal_failed': 0, 'decorr_degenerate_pairs': 0, 'n_decorr_removed': 40, 'decorr_max_abs_corr_final': 0.9889042758764388}
  → out/pilot_csi800_nsguard_42/metrics/final_pool_pilot_csi800_nsguard_42_fixedhof.csv
  → out/pilot_csi800_nsguard_42_fixedhof/
[repool] pilot_csi800_fbfit_42 mode=strict_penalty seed=42 metric=fb_fitness
  final population: gen=4 n=1000 unique=75
/home1/sku07891/miniconda3/envs/AlphaEval38/lib/python3.8/site-packages/pandas/core/window/rolling.py:655: RuntimeWarning: All-NaN slice encountered
  return func(x, start, end, min_periods, *numba_args)
/home1/sku07891/miniconda3/envs/AlphaEval38/lib/python3.8/site-packages/pandas/core/window/rolling.py:655: RuntimeWarning: All-NaN slice encountered
  return func(x, start, end, min_periods, *numba_args)
/home1/sku07891/miniconda3/envs/AlphaEval38/lib/python3.8/site-packages/pandas/core/window/rolling.py:655: RuntimeWarning: All-NaN slice encountered
  return func(x, start, end, min_periods, *numba_args)
/home1/sku07891/miniconda3/envs/AlphaEval38/lib/python3.8/site-packages/pandas/core/window/rolling.py:655: RuntimeWarning: All-NaN slice encountered
  return func(x, start, end, min_periods, *numba_args)
  evaluator ready (57.1s) key=('csi800', '2010-01-01', '2019-12-31', 1, 'fb_fitness')
  hof: {'hof_mode': 'fixed', 'n_input': 1000, 'n_dedup_removed': 925, 'n_unique': 75, 'n_top': 50, 'n_signal_failed': 0, 'decorr_degenerate_pairs': 0, 'n_decorr_removed': 40, 'decorr_max_abs_corr_final': 0.9456290346381349}
  → out/pilot_csi800_fbfit_42/metrics/final_pool_pilot_csi800_fbfit_42_fixedhof.csv
  → out/pilot_csi800_fbfit_42_fixedhof/

=== repool summary ===
                    run  pool_unique  pool_valid hof_mode  n_input  n_dedup_removed  n_unique  n_top  n_signal_failed  decorr_degenerate_pairs  n_decorr_removed  decorr_max_abs_corr_final
pilot_csi800_ictstat_42           10          10    fixed     1000              741       259     50                0                        0                40                   1.000000
pilot_csi800_nsguard_42           10          10    fixed     1000              560       440     50                0                        0                40                   0.988904
  pilot_csi800_fbfit_42           10          10    fixed     1000              925        75     50                0                        0                40                   0.945629
REPOOL_DONE rc=0
Submitted batch job 887412
Submitted batch job 887413
Submitted batch job 887414
